should render ingressroute:
  1: |
    apiVersion: traefik.io/v1alpha1
    kind: IngressRoute
    metadata:
      labels:
        app.kubernetes.io/instance: devhub
        app.kubernetes.io/managed-by: Helm
        app.kubernetes.io/name: devhub
        app.kubernetes.io/version: v2.0.5
        helm.sh/chart: devhub-2.1.2
      name: devhub-http
    spec:
      entryPoints:
        - web
        - websecure
      routes:
        - kind: Rule
          match: Host(`devhub.example.com`)
          priority: 10
          services:
            - name: devhub
              passHostHeader: true
              port: http
      tls: {}
