manifest should match snapshot:
  1: |
    CLOAK_KEY_V1: cloak-key-v1
    DB_NAME: ZGV2aHVi
    DB_PORT: NTQzMg==
    SECRET_KEY_BASE: secret-key-base
    SIGNING_KEY: signing-key
