should create service account by default:
  1: |
    apiVersion: v1
    kind: ServiceAccount
    metadata:
      annotations:
        custom-annotation: custom-value
      labels:
        app.kubernetes.io/instance: devhub
        app.kubernetes.io/managed-by: Helm
        app.kubernetes.io/name: devhub
        app.kubernetes.io/version: v2.0.5
        helm.sh/chart: devhub-2.1.2
      name: devhub
